═══════════════════════════════════════════════
  GAUNTLET: All 656 frames, single run
═══════════════════════════════════════════════

🟢 ALIVE at sol 656
Crew: 3/2 | HP:100 | Power:3070 | Solar:100% | CRI:5
Score: 70200
